This is pdfTeX, Version 3.141592653-2.6-1.40.29 (TeX Live 2026/Debian) (preloaded format=pdflatex 2026.8.7)  21 AUG 2026 00:38
entering extended mode
 restricted \write18 enabled.
 %&-line parsing enabled.
**thm_1.tex
(./thm_1.tex
LaTeX2e <2026-06-01>
L3 programming layer <2026-06-18>
(/usr/share/texlive/texmf-dist/tex/latex/base/article.cls
Document Class: article 2025/01/22 v1.4n Standard LaTeX document class
(/usr/share/texlive/texmf-dist/tex/latex/base/size11.clo
File: size11.clo 2025/01/22 v1.4n Standard LaTeX file (size option)
)
\c@part=\count276
\c@section=\count277
\c@subsection=\count278
\c@subsubsection=\count279
\c@paragraph=\count280
\c@subparagraph=\count281
\c@figure=\count282
\c@table=\count283
\abovecaptionskip=\skip49
\belowcaptionskip=\skip50
\bibindent=\dimen150
)
(/usr/share/texlive/texmf-dist/tex/latex/amsmath/amsmath.sty
Package: amsmath 2026/05/19 v2.18d AMS math features
\@mathmargin=\skip51

For additional information on amsmath, use the `?' option.
(/usr/share/texlive/texmf-dist/tex/latex/amsmath/amstext.sty
Package: amstext 2024/11/17 v2.01 AMS text

(/usr/share/texlive/texmf-dist/tex/latex/amsmath/amsgen.sty
File: amsgen.sty 1999/11/30 v2.0 generic functions
\@emptytoks=\toks17
\ex@=\dimen151
))
(/usr/share/texlive/texmf-dist/tex/latex/amsmath/amsbsy.sty
Package: amsbsy 1999/11/29 v1.2d Bold Symbols
\pmbraise@=\dimen152
)
(/usr/share/texlive/texmf-dist/tex/latex/amsmath/amsopn.sty
Package: amsopn 2022/04/08 v2.04 operator names
)
\inf@bad=\count284
LaTeX Info: Redefining \frac on input line 233.
\uproot@=\count285
\leftroot@=\count286
LaTeX Info: Redefining \overline on input line 398.
LaTeX Info: Redefining \colon on input line 409.
\classnum@=\count287
\DOTSCASE@=\count288
LaTeX Info: Redefining \ldots on input line 495.
LaTeX Info: Redefining \dots on input line 498.
LaTeX Info: Redefining \cdots on input line 619.
\Mathstrutbox@=\box53
\strutbox@=\box54
LaTeX Info: Redefining \big on input line 721.
LaTeX Info: Redefining \Big on input line 722.
LaTeX Info: Redefining \bigg on input line 723.
LaTeX Info: Redefining \Bigg on input line 724.
\big@size=\dimen153
LaTeX Font Info:    Redeclaring font encoding OML on input line 742.
LaTeX Font Info:    Redeclaring font encoding OMS on input line 743.
\macc@depth=\count289
LaTeX Info: Redefining \bmod on input line 904.
LaTeX Info: Redefining \pmod on input line 909.
LaTeX Info: Redefining \smash on input line 939.
LaTeX Info: Redefining \relbar on input line 969.
LaTeX Info: Redefining \Relbar on input line 970.
\c@MaxMatrixCols=\count290
\dotsspace@=\muskip17
\c@parentequation=\count291
\dspbrk@lvl=\count292
\tag@help=\toks18
\row@=\count293
\column@=\count294
\maxfields@=\count295
\andhelp@=\toks19
\eqnshift@=\dimen154
\alignsep@=\dimen155
\tagshift@=\dimen156
\tagwidth@=\dimen157
\totwidth@=\dimen158
\lineht@=\dimen159
\@envbody=\toks20
\multlinegap=\skip52
\multlinetaggap=\skip53
\mathdisplay@stack=\toks21
LaTeX Info: Redefining \[ on input line 2965.
LaTeX Info: Redefining \] on input line 2966.
)
(/usr/share/texlive/texmf-dist/tex/latex/amsfonts/amssymb.sty
Package: amssymb 2013/01/14 v3.01 AMS font symbols

(/usr/share/texlive/texmf-dist/tex/latex/amsfonts/amsfonts.sty
Package: amsfonts 2013/01/14 v3.01 Basic AMSFonts support
\symAMSa=\mathgroup4
\symAMSb=\mathgroup5
LaTeX Font Info:    Redeclaring math symbol \hbar on input line 98.
LaTeX Font Info:    Overwriting math alphabet `\mathfrak' in version `bold'
(Font)                  U/euf/m/n --> U/euf/b/n on input line 106.
))
(/usr/share/texlive/texmf-dist/tex/latex/amscls/amsthm.sty
Package: amsthm 2020/05/29 v2.20.6
\thm@style=\toks22
\thm@bodyfont=\toks23
\thm@headfont=\toks24
\thm@notefont=\toks25
\thm@headpunct=\toks26
\thm@preskip=\skip54
\thm@postskip=\skip55
\thm@headsep=\skip56
\dth@everypar=\toks27
)
\c@theorem=\count296

(/usr/share/texlive/texmf-dist/tex/latex/l3backend/l3backend-pdftex.def
File: l3backend-pdftex.def 2026-02-18 L3 backend support: PDF output (pdfTeX)
\l__color_backend_stack_int=\count297
)
(./thm_1.aux)
\openout1 = `thm_1.aux'.

LaTeX Font Info:    Checking defaults for OML/cmm/m/it on input line 19.
LaTeX Font Info:    ... okay on input line 19.
LaTeX Font Info:    Checking defaults for OMS/cmsy/m/n on input line 19.
LaTeX Font Info:    ... okay on input line 19.
LaTeX Font Info:    Checking defaults for OT1/cmr/m/n on input line 19.
LaTeX Font Info:    ... okay on input line 19.
LaTeX Font Info:    Checking defaults for T1/cmr/m/n on input line 19.
LaTeX Font Info:    ... okay on input line 19.
LaTeX Font Info:    Checking defaults for TS1/cmr/m/n on input line 19.
LaTeX Font Info:    ... okay on input line 19.
LaTeX Font Info:    Checking defaults for OMX/cmex/m/n on input line 19.
LaTeX Font Info:    ... okay on input line 19.
LaTeX Font Info:    Checking defaults for U/cmr/m/n on input line 19.
LaTeX Font Info:    ... okay on input line 19.
LaTeX Font Info:    Trying to load font information for U+msa on input line 26.

 (/usr/share/texlive/texmf-dist/tex/latex/amsfonts/umsa.fd
File: umsa.fd 2013/01/14 v3.01 AMS symbols A
)
LaTeX Font Info:    Trying to load font information for U+msb on input line 26.


(/usr/share/texlive/texmf-dist/tex/latex/amsfonts/umsb.fd
File: umsb.fd 2013/01/14 v3.01 AMS symbols B
)
Overfull \hbox (71.3391pt too wide) detected at line 85
\OMS/cmsy/m/n/10.95 k\U/msb/m/n/10.95 E\OT1/cmr/m/n/10.95 [\OML/cmm/m/it/10.95 
gX\OT1/cmr/m/n/10.95 ] \OMS/cmsy/m/n/10.95 ^^@ \U/msb/m/n/10.95 E\OT1/cmr/m/n/1
0.95 [\OML/cmm/m/it/10.95 gY\OT1/cmr/m/n/10.95 ]\OMS/cmsy/m/n/10.95 k ^^T k\U/m
sb/m/n/10.95 E\OT1/cmr/m/n/10.95 [\OML/cmm/m/it/10.95 gX\OT1/cmr/m/n/10.95 ] \O
MS/cmsy/m/n/10.95 ^^@ \U/msb/m/n/10.95 E\OT1/cmr/m/n/10.95 [\OML/cmm/m/it/10.95
 P[]X\OT1/cmr/m/n/10.95 ]\OMS/cmsy/m/n/10.95 k \OT1/cmr/m/n/10.95 + \OMS/cmsy/m
/n/10.95 k\U/msb/m/n/10.95 E\OT1/cmr/m/n/10.95 [\OML/cmm/m/it/10.95 P[]X\OT1/cm
r/m/n/10.95 ] \OMS/cmsy/m/n/10.95 ^^@ \U/msb/m/n/10.95 E\OT1/cmr/m/n/10.95 [\OM
L/cmm/m/it/10.95 P[]Y\OT1/cmr/m/n/10.95 ]\OMS/cmsy/m/n/10.95 k \OT1/cmr/m/n/10.
95 + \OMS/cmsy/m/n/10.95 k\U/msb/m/n/10.95 E\OT1/cmr/m/n/10.95 [\OML/cmm/m/it/1
0.95 gY\OT1/cmr/m/n/10.95 ] \OMS/cmsy/m/n/10.95 ^^@ \U/msb/m/n/10.95 E\OT1/cmr/
m/n/10.95 [\OML/cmm/m/it/10.95 P[]Y\OT1/cmr/m/n/10.95 ]\OMS/cmsy/m/n/10.95 k \O
ML/cmm/m/it/10.95 < ^^O \OT1/cmr/m/n/10.95 + 0 + \OML/cmm/m/it/10.95 ^^O < \OT1
/cmr/m/n/10.95 2 \OMS/cmsy/m/n/10.95 ^^A \OML/cmm/m/it/10.95 ^^O
 []


Overfull \hbox (18.33246pt too wide) in paragraph at lines 87--90
[]\OT1/cmr/m/n/10.95 Then $\OMS/cmsy/m/n/10.95 k\U/msb/m/n/10.95 E\OT1/cmr/m/n/
10.95 [\OML/cmm/m/it/10.95 gX\OT1/cmr/m/n/10.95 ] \OMS/cmsy/m/n/10.95 ^^@ \U/ms
b/m/n/10.95 E\OT1/cmr/m/n/10.95 [\OML/cmm/m/it/10.95 gY\OT1/cmr/m/n/10.95 ]\OMS
/cmsy/m/n/10.95 k \OML/cmm/m/it/10.95 < \OT1/cmr/m/n/10.95 2 \OMS/cmsy/m/n/10.9
5 ^^A \OML/cmm/m/it/10.95 ^^O$\OT1/cmr/m/n/10.95 . Since $\OML/cmm/m/it/10.95 ^
^O$ \OT1/cmr/m/n/10.95 is ar-bi-trary we get $\OMS/cmsy/m/n/10.95 8\OML/cmm/m/i
t/10.95 g \OMS/cmsy/m/n/10.95 2 \OML/cmm/m/it/10.95 C[]\OT1/cmr/m/n/10.95 (\U/m
sb/m/n/10.95 R[]\OT1/cmr/m/n/10.95 ) \U/msb/m/n/10.95 E\OT1/cmr/m/n/10.95 [\OML
/cmm/m/it/10.95 gX\OT1/cmr/m/n/10.95 ] =
 []

[1

{/var/lib/texmf/fonts/map/pdftex/updmap/pdftex.map}] [2] [3] (./thm_1.aux)
 ***********
LaTeX2e <2026-06-01>
L3 programming layer <2026-06-18>
 ***********
 ) 
Here is how much of TeX's memory you used:
 1838 strings out of 469158
 25368 string characters out of 5460578
 450362 words of memory out of 5000000
 30872 multiletter control sequences out of 15000+600000
 635554 words of font info for 70 fonts, out of 8000000 for 9000
 14 hyphenation exceptions out of 8191
 56i,8n,65p,289b,221s stack positions out of 10000i,1000n,20000p,200000b,200000s
 </home/centa/.texlive2026/texmf-var/fonts/pk/ljfour/jknappen/ec/tcrm1095.600
pk></usr/share/texlive/texmf-dist/fonts/type1/public/amsfonts/cm/cmbx10.pfb></u
sr/share/texlive/texmf-dist/fonts/type1/public/amsfonts/cm/cmex10.pfb></usr/sha
re/texlive/texmf-dist/fonts/type1/public/amsfonts/cm/cmmi10.pfb></usr/share/tex
live/texmf-dist/fonts/type1/public/amsfonts/cm/cmmi6.pfb></usr/share/texlive/te
xmf-dist/fonts/type1/public/amsfonts/cm/cmmi8.pfb></usr/share/texlive/texmf-dis
t/fonts/type1/public/amsfonts/cm/cmmi9.pfb></usr/share/texlive/texmf-dist/fonts
/type1/public/amsfonts/cm/cmr10.pfb></usr/share/texlive/texmf-dist/fonts/type1/
public/amsfonts/cm/cmr6.pfb></usr/share/texlive/texmf-dist/fonts/type1/public/a
msfonts/cm/cmr8.pfb></usr/share/texlive/texmf-dist/fonts/type1/public/amsfonts/
cm/cmr9.pfb></usr/share/texlive/texmf-dist/fonts/type1/public/amsfonts/cm/cmsy1
0.pfb></usr/share/texlive/texmf-dist/fonts/type1/public/amsfonts/cm/cmsy8.pfb><
/usr/share/texlive/texmf-dist/fonts/type1/public/amsfonts/cm/cmsy9.pfb></usr/sh
are/texlive/texmf-dist/fonts/type1/public/amsfonts/cm/cmti10.pfb></usr/share/te
xlive/texmf-dist/fonts/type1/public/amsfonts/symbols/msbm10.pfb>
Output written on thm_1.pdf (3 pages, 179315 bytes).
PDF statistics:
 94 PDF objects out of 1000 (max. 8388607)
 57 compressed objects within 1 object stream
 0 named destinations out of 1000 (max. 500000)
 1 words of extra memory for PDF output out of 10000 (max. 10000000)

